src/components/GlobalGlobe.tsx(4,90): error TS2724: '"../store"' has no exported member named 'useEquityStore'. Did you mean 'useUIStore'?
