============================= test session starts =============================
platform win32 -- Python 3.11.9, pytest-9.0.2, pluggy-1.6.0 -- C:\Program Files\Python311\python.exe
cachedir: .pytest_cache
rootdir: C:\satellite_trade
configfile: pyproject.toml
plugins: anyio-4.12.0, asyncio-1.3.0, base-url-2.1.0, cov-7.0.0, playwright-0.7.2, typeguard-4.5.1
asyncio: mode=Mode.AUTO, debug=False, asyncio_default_fixture_loop_scope=None, asyncio_default_test_loop_scope=function
collecting ... collected 26 items

tests/test_feature_store.py::test_look_ahead_bias_is_prevented PASSED    [  3%]
tests/test_feature_store.py::test_past_features_are_returned PASSED      [  7%]
tests/test_feature_store.py::test_duplicate_feature_id_raises PASSED     [ 11%]
tests/test_feature_store.py::test_holdout_access_is_blocked_for_training PASSED [ 15%]
tests/test_feature_store.py::test_feature_filter_by_name PASSED          [ 19%]
tests/test_ingest.py::test_gate_cloud_rejects_high_cloud PASSED          [ 23%]
tests/test_ingest.py::test_gate_cloud_rejects_null_cloud PASSED          [ 26%]
tests/test_ingest.py::test_gate_cloud_passes_low_cloud PASSED            [ 30%]
tests/test_ingest.py::test_gate_license_blocks_noncommercial PASSED      [ 34%]
tests/test_ingest.py::test_gate_checksum_quarantines_corrupted_file PASSED [ 38%]
tests/test_ingest.py::test_gate_checksum_passes_valid_file PASSED        [ 42%]
tests/test_ingest.py::test_gate_schema_rejects_empty_tile_id PASSED      [ 46%]
tests/test_ingest.py::test_gate_geolocation_rejects_invalid_coords PASSED [ 50%]
tests/test_ingest.py::test_gate_geolocation_passes_valid_coords PASSED   [ 53%]
tests/test_preprocess.py::test_dos_not_in_optical_source PASSED          [ 57%]
tests/test_preprocess.py::test_correction_output_range PASSED            [ 61%]
tests/test_preprocess.py::test_correction_output_shape_matches_input PASSED [ 65%]
tests/test_preprocess.py::test_ndvi_range_is_valid PASSED                [ 69%]
tests/test_risk_engine.py::test_gross_exposure_constant_is_150pct PASSED [ 73%]
tests/test_risk_engine.py::test_gross_exposure_gate_blocks_breach PASSED [ 76%]
tests/test_risk_engine.py::test_gross_exposure_gate_passes_within_limit PASSED [ 80%]
tests/test_risk_engine.py::test_kill_switch_requires_two_different_operators PASSED [ 84%]
tests/test_risk_engine.py::test_kill_switch_executes_with_two_operators PASSED [ 88%]
tests/test_risk_engine.py::test_halted_system_rejects_all_orders PASSED  [ 92%]
tests/test_risk_engine.py::test_stale_signal_blocks_order PASSED         [ 96%]
tests/test_risk_engine.py::test_low_confidence_blocks_order PASSED       [100%]

============================= 26 passed in 2.29s ==============================
